Microchip MPLAB XC8 Compiler V2.10 ()

Linker command line:

-W-3 --edf=C:\Program Files (x86)\Microchip\xc8\v2.10\pic\dat\en_msgs.txt \
  -cs -h+dist/default/production\Lab3.X.production.sym \
  --cmf=dist/default/production\Lab3.X.production.cmf -z -Q16F887 \
  -oC:\Users\juan\AppData\Local\Temp\s4ug.2 --defsym=__MPLAB_BUILD=1 \
  -Mdist/default/production/Lab3.X.production.map -E1 -ver=XC8 --acfsm=1493 \
  -ASTACK=0110h-016Fh -pstack=STACK -ACODE=00h-07FFhx4 -ASTRCODE=00h-01FFFh \
  -ASTRING=00h-0FFhx32 -ACONST=00h-0FFhx32 -AENTRY=00h-0FFhx32 \
  -ACOMMON=070h-07Fh -ABANK0=020h-06Fh -ABANK1=0A0h-0EFh \
  -ABANK2=0110h-016Fh -ABANK3=0190h-01EFh \
  -ARAM=020h-06Fh,0A0h-0EFh,0110h-016Fh,0190h-01EFh \
  -AABS1=020h-07Fh,0A0h-0EFh,0110h-016Fh,0190h-01EFh -ASFR0=00h-01Fh \
  -ASFR1=080h-09Fh -ASFR2=0100h-010Fh -ASFR3=0180h-018Fh \
  -preset_vec=00h,intentry,init,end_init -ppowerup=CODE -pcinit=CODE \
  -pfunctab=ENTRY -ACONFIG=02007h-02008h -pconfig=CONFIG -DCONFIG=2 \
  -AIDLOC=02000h-02003h -pidloc=IDLOC -DIDLOC=2 -AEEDATA=00h-0FFh/02100h \
  -peeprom_data=EEDATA -DEEDATA=2 -DCODE=2 -DSTRCODE=2 -DSTRING=2 -DCONST=2 \
  -DENTRY=2 -k C:\Users\juan\AppData\Local\Temp\s4ug.o \
  dist/default/production\Lab3.X.production.o 

Object code version is 3.11

Machine type is 16F887



                Name                               Link     Load   Length Selector   Space Scale
C:\Users\juan\AppData\Local\Temp\s4ug.o
                end_init                              0        0        3        0       0
                config                             2007     2007        2     400E       0
dist/default/production\Lab3.X.production.o
                cinit                               7EB      7EB       15      FD6       0
                text20                              B64      B64        F     16C8       0
                text19                              C4A      C4A       29     1894       0
                text18                              B73      B73       12     16E6       0
                text17                              B97      B97       1F     172E       0
                text16                              DBC      DBC       67     1B78       0
                text15                              D61      D61       5B     1AC2       0
                text14                              E23      E23      1DD     1C46       0
                text13                              C23      C23       27     1846       0
                text12                              48A      48A      361      914       0
                text11                               98       98       7C      130       0
                text10                              114      114       BA      228       0
                text9                               D1D      D1D       44     1A3A       0
                text8                               CA7      CA7       3A     194E       0
                text7                                26       26       72       4C       0
                text6                               BD7      BD7       26     17AE       0
                text5                               B85      B85       12     170A       0
                text4                               BFD      BFD       26     17FA       0
                text3                               C73      C73       34     18E6       0
                text2                               BB6      BB6       21     176C       0
                text1                               1CE      1CE      2BC      39C       0
                maintext                            CE1      CE1       3C     19C2       0
                cstackBANK0                          20       20       3A       20       1
                cstackCOMMON                         70       70        E       70       1
                clrtext                             B5C      B5C        8     16B8       0
                bssBANK1                             A0       A0       2C       A0       1
                bssBANK0                             5A       5A       16       20       1
                strings                               3        3       23        6       0

TOTAL           Name                               Link     Load   Length     Space
        CLASS   STACK          

        CLASS   CODE           
                end_init                              0        0        3         0
                cinit                               7EB      7EB       15         0
                text20                              B64      B64        F         0
                text19                              C4A      C4A       29         0
                text18                              B73      B73       12         0
                text17                              B97      B97       1F         0
                text16                              DBC      DBC       67         0
                text15                              D61      D61       5B         0
                text14                              E23      E23      1DD         0
                text13                              C23      C23       27         0
                text12                              48A      48A      361         0
                text11                               98       98       7C         0
                text10                              114      114       BA         0
                text9                               D1D      D1D       44         0
                text8                               CA7      CA7       3A         0
                text7                                26       26       72         0
                text6                               BD7      BD7       26         0
                text5                               B85      B85       12         0
                text4                               BFD      BFD       26         0
                text3                               C73      C73       34         0
                text2                               BB6      BB6       21         0
                text1                               1CE      1CE      2BC         0
                maintext                            CE1      CE1       3C         0
                clrtext                             B5C      B5C        8         0

        CLASS   STRCODE        

        CLASS   STRING         
                strings                               3        3       23         0

        CLASS   CONST          

        CLASS   ENTRY          

        CLASS   COMMON         
                cstackCOMMON                         70       70        E         1

        CLASS   BANK0          
                cstackBANK0                          20       20       3A         1
                bssBANK0                             5A       5A       16         1

        CLASS   BANK1          
                bssBANK1                             A0       A0       2C         1

        CLASS   BANK2          

        CLASS   BANK3          

        CLASS   RAM            

        CLASS   ABS1           
                abs_s1                               7E       7E        2         1

        CLASS   SFR0           

        CLASS   SFR1           

        CLASS   SFR2           

        CLASS   SFR3           

        CLASS   CONFIG         
                config                             2007     2007        2         0

        CLASS   IDLOC          

        CLASS   EEDATA         



SEGMENTS        Name                           Load    Length   Top    Selector   Space  Class     Delta

                reset_vec                      000000  000003  000003         0       0  CODE        2
                strings                        000003  000023  000026         6       0  STRING      2
                cstackBANK0                    000020  000050  000070        20       1  BANK0       1
                text7                          000026  000072  000098        4C       0  CODE        2
                cstackCOMMON                   000070  00000E  00007E        70       1  COMMON      1
                bssBANK1                       0000A0  00002C  0000CC        A0       1  BANK1       1
                text11                         000098  00007C  000114       130       0  CODE        2
                text10                         000114  0000BA  0001CE       228       0  CODE        2
                text1                          0001CE  0002BC  00048A       39C       0  CODE        2
                text12                         00048A  000361  0007EB       914       0  CODE        2
                cinit                          0007EB  000015  000800       FD6       0  CODE        2
                clrtext                        000B5C  000008  000B64      16B8       0  CODE        2
                text20                         000B64  00000F  000B73      16C8       0  CODE        2
                text18                         000B73  000012  000B85      16E6       0  CODE        2
                text5                          000B85  000012  000B97      170A       0  CODE        2
                text17                         000B97  00001F  000BB6      172E       0  CODE        2
                text2                          000BB6  000021  000BD7      176C       0  CODE        2
                text6                          000BD7  000026  000BFD      17AE       0  CODE        2
                text4                          000BFD  000026  000C23      17FA       0  CODE        2
                text13                         000C23  000027  000C4A      1846       0  CODE        2
                text19                         000C4A  000029  000C73      1894       0  CODE        2
                text3                          000C73  000034  000CA7      18E6       0  CODE        2
                text8                          000CA7  00003A  000CE1      194E       0  CODE        2
                maintext                       000CE1  00003C  000D1D      19C2       0  CODE        2
                text9                          000D1D  000044  000D61      1A3A       0  CODE        2
                text15                         000D61  00005B  000DBC      1AC2       0  CODE        2
                text16                         000DBC  000067  000E23      1B78       0  CODE        2
                text14                         000E23  0001DD  001000      1C46       0  CODE        2
                config                         002007  000002  002009      400E       0  CONFIG      2


UNUSED ADDRESS RANGES

        Name                Unused          Largest block    Delta
        BANK1            00CC-00EF             24           1
        BANK2            0110-016F             60           1
        BANK3            0190-01EF             60           1
        CODE             0800-0B5B            35C           2
                         1000-1FFF            800
        CONST            0800-0B5B            100           2
                         1000-1FFF            100
        EEDATA           2100-21FF            100           2
        ENTRY            0800-0B5B            100           2
                         1000-1FFF            100
        IDLOC            2000-2003              4           2
        RAM              00CC-00EF             24           1
                         0110-016F             60
                         0190-01EF             60
        SFR0             0000-001F             20           1
        SFR1             0080-009F             20           1
        SFR2             0100-010F             10           1
        SFR3             0180-018F             10           1
        STACK            0110-016F             60           1
        STRCODE          0800-0B5B            35C           2
                         1000-1FFF           1000
        STRING           0800-0B5B            100           2
                         1000-1FFF            100

                                  Symbol Table

?__Umul8_16               cstackCOMMON 0070
?___awdiv                 cstackCOMMON 0070
?___awmod                 cstackCOMMON 0079
?___fldiv                 cstackBANK0  003A
?___flmul                 cstackBANK0  0020
?___fltol                 cstackBANK0  003A
?___lwdiv                 cstackCOMMON 0070
?___lwmod                 cstackCOMMON 0070
?___xxtofl                cstackCOMMON 0070
_ADCON0bits               (abs)        001F
_ADCON1bits               (abs)        009F
_ADRESH                   (abs)        001E
_ANSEL                    (abs)        0188
_ANSELH                   (abs)        0189
_OSCCONbits               (abs)        008F
_PIR1bits                 (abs)        000C
_PORTA                    (abs)        0005
_PORTB                    (abs)        0006
_PORTC                    (abs)        0007
_PORTD                    (abs)        0008
_PORTE                    (abs)        0009
_POT1A                    bssBANK0     006A
_POT1B                    bssBANK0     0068
_POT1C                    bssBANK0     0066
_POT1SA                   bssBANK1     00C7
_POT1SB                   bssBANK1     00C2
_POT1SC                   bssBANK1     00BD
_POT2A                    bssBANK0     0062
_POT2B                    bssBANK0     0060
_POT2C                    bssBANK0     005E
_POT2SA                   bssBANK1     00B3
_POT2SB                   bssBANK1     00AE
_POT2SC                   bssBANK1     00A9
_PUNTO1                   bssBANK1     00B8
_PUNTO2                   bssBANK1     00A4
_RD2                      (abs)        0042
_RD3                      (abs)        0043
_RD7                      (abs)        0047
_TRISA                    (abs)        0085
_TRISB                    (abs)        0086
_TRISC                    (abs)        0087
_TRISD                    (abs)        0088
_TRISE                    (abs)        0089
_V1                       bssBANK0     006C
_V2                       bssBANK0     0064
__CFG_BOR4V$BOR40V        (abs)        0000
__CFG_BOREN$OFF           (abs)        0000
__CFG_CP$OFF              (abs)        0000
__CFG_CPD$OFF             (abs)        0000
__CFG_FCMEN$OFF           (abs)        0000
__CFG_FOSC$INTRC_NOCLKOUT (abs)        0000
__CFG_IESO$OFF            (abs)        0000
__CFG_LVP$OFF             (abs)        0000
__CFG_MCLRE$OFF           (abs)        0000
__CFG_PWRTE$OFF           (abs)        0000
__CFG_WDTE$OFF            (abs)        0000
__CFG_WRT$OFF             (abs)        0000
__Habs1                   abs1         0000
__Hbank0                  bank0        0000
__Hbank1                  bank1        0000
__Hbank2                  bank2        0000
__Hbank3                  bank3        0000
__HbssBANK0               bssBANK0     0000
__HbssBANK1               bssBANK1     0000
__Hcinit                  cinit        0800
__Hclrtext                clrtext      0000
__Hcode                   code         0000
__Hcommon                 common       0000
__Hconfig                 config       2009
__HcstackBANK0            cstackBANK0  0000
__HcstackCOMMON           cstackCOMMON 0000
__Heeprom_data            eeprom_data  0000
__Hend_init               end_init     0003
__Hfunctab                functab      0000
__Hidloc                  idloc        0000
__Hinit                   init         0000
__Hintentry               intentry     0000
__Hmaintext               maintext     0000
__Hpowerup                powerup      0000
__Hram                    ram          0000
__Hreset_vec              reset_vec    0000
__Hsfr0                   sfr0         0000
__Hsfr1                   sfr1         0000
__Hsfr2                   sfr2         0000
__Hsfr3                   sfr3         0000
__Hspace_0                (abs)        2009
__Hspace_1                (abs)        00CC
__Hspace_2                (abs)        0000
__Hspace_3                (abs)        0000
__Hstack                  stack        0000
__Hstrings                strings      0000
__Htext                   text         0000
__Labs1                   abs1         0000
__Lbank0                  bank0        0000
__Lbank1                  bank1        0000
__Lbank2                  bank2        0000
__Lbank3                  bank3        0000
__LbssBANK0               bssBANK0     0000
__LbssBANK1               bssBANK1     0000
__Lcinit                  cinit        07EB
__Lclrtext                clrtext      0000
__Lcode                   code         0000
__Lcommon                 common       0000
__Lconfig                 config       2007
__LcstackBANK0            cstackBANK0  0000
__LcstackCOMMON           cstackCOMMON 0000
__Leeprom_data            eeprom_data  0000
__Lend_init               end_init     0000
__Lfunctab                functab      0000
__Lidloc                  idloc        0000
__Linit                   init         0000
__Lintentry               intentry     0000
__Lmaintext               maintext     0000
__Lpowerup                powerup      0000
__Lram                    ram          0000
__Lreset_vec              reset_vec    0000
__Lsfr0                   sfr0         0000
__Lsfr1                   sfr1         0000
__Lsfr2                   sfr2         0000
__Lsfr3                   sfr3         0000
__Lspace_0                (abs)        0000
__Lspace_1                (abs)        0000
__Lspace_2                (abs)        0000
__Lspace_3                (abs)        0000
__Lstack                  stack        0000
__Lstrings                strings      0000
__Ltext                   text         0000
__S0                      (abs)        2009
__S1                      (abs)        00CC
__S2                      (abs)        0000
__S3                      (abs)        0000
__Umul8_16                text13       0C23
__Umul8_16@multiplicand   cstackCOMMON 0070
__Umul8_16@multiplier     cstackCOMMON 0078
__Umul8_16@product        cstackCOMMON 0074
__Umul8_16@word_mpld      cstackCOMMON 0076
___awdiv                  text16       0DBC
___awdiv@counter          cstackCOMMON 0075
___awdiv@dividend         cstackCOMMON 0072
___awdiv@divisor          cstackCOMMON 0070
___awdiv@quotient         cstackCOMMON 0077
___awdiv@sign             cstackCOMMON 0076
___awmod                  text15       0D61
___awmod@counter          cstackBANK0  0020
___awmod@dividend         cstackCOMMON 007B
___awmod@divisor          cstackCOMMON 0079
___awmod@sign             cstackBANK0  0021
___fldiv                  text14       0E23
___fldiv@a                cstackBANK0  003A
___fldiv@aexp             cstackBANK0  0053
___fldiv@b                cstackBANK0  003E
___fldiv@bexp             cstackBANK0  0052
___fldiv@grs              cstackBANK0  004E
___fldiv@new_exp          cstackBANK0  004C
___fldiv@rem              cstackBANK0  0047
___fldiv@sign             cstackBANK0  004B
___flmul                  text12       048A
___flmul@a                cstackBANK0  0024
___flmul@aexp             cstackBANK0  0032
___flmul@b                cstackBANK0  0020
___flmul@bexp             cstackBANK0  0033
___flmul@grs              cstackBANK0  002E
___flmul@prod             cstackBANK0  0034
___flmul@sign             cstackBANK0  002D
___flmul@temp             cstackBANK0  0038
___fltol                  text11       0098
___fltol@exp1             cstackBANK0  0044
___fltol@f1               cstackBANK0  003A
___fltol@sign1            cstackBANK0  0043
___int_sp                 stack        0000
___latbits                (abs)        0002
___lwdiv                  text9        0D1D
___lwdiv@counter          cstackCOMMON 0077
___lwdiv@dividend         cstackCOMMON 0072
___lwdiv@divisor          cstackCOMMON 0070
___lwdiv@quotient         cstackCOMMON 0075
___lwmod                  text8        0CA7
___lwmod@counter          cstackCOMMON 0075
___lwmod@dividend         cstackCOMMON 0072
___lwmod@divisor          cstackCOMMON 0070
___sp                     stack        0000
___stackhi                (abs)        0000
___stacklo                (abs)        0000
___xxtofl                 text10       0114
___xxtofl@arg             cstackCOMMON 007A
___xxtofl@exp             cstackCOMMON 0079
___xxtofl@sign            cstackCOMMON 0078
___xxtofl@val             cstackCOMMON 0070
__end_of__Umul8_16        text13       0C4A
__end_of___awdiv          text16       0E23
__end_of___awmod          text15       0DBC
__end_of___fldiv          text14       1000
__end_of___flmul          text12       07EB
__end_of___fltol          text11       0114
__end_of___lwdiv          text9        0D61
__end_of___lwmod          text8        0CE1
__end_of___xxtofl         text10       01CE
__end_of__initialization  cinit        07FC
__end_of__stringtab       strings      0013
__end_of_itoa             text6        0BFD
__end_of_lcd_cmd          text18       0B85
__end_of_lcd_dwr          text5        0B97
__end_of_lcd_init         text17       0BB6
__end_of_lcd_lat          text20       0B73
__end_of_lcd_msg          text4        0C23
__end_of_lcd_ready        text19       0C73
__end_of_main             maintext     0D1D
__end_of_strcat           text3        0CA7
__end_of_strcpy           text2        0BD7
__end_of_utoa             text7        0098
__end_of_voltaje1         text1        048A
__initialization          cinit        07EB
__pbssBANK0               bssBANK0     005A
__pbssBANK1               bssBANK1     00A0
__pcstackBANK0            cstackBANK0  0020
__pcstackCOMMON           cstackCOMMON 0070
__pmaintext               maintext     0CE1
__pstrings                strings      0003
__ptext1                  text1        01CE
__ptext10                 text10       0114
__ptext11                 text11       0098
__ptext12                 text12       048A
__ptext13                 text13       0C23
__ptext14                 text14       0E23
__ptext15                 text15       0D61
__ptext16                 text16       0DBC
__ptext17                 text17       0B97
__ptext18                 text18       0B73
__ptext19                 text19       0C4A
__ptext2                  text2        0BB6
__ptext20                 text20       0B64
__ptext3                  text3        0C73
__ptext4                  text4        0BFD
__ptext5                  text5        0B85
__ptext6                  text6        0BD7
__ptext7                  text7        0026
__ptext8                  text8        0CA7
__ptext9                  text9        0D1D
__size_of__Umul8_16       (abs)        0000
__size_of___awdiv         (abs)        0000
__size_of___awmod         (abs)        0000
__size_of___fldiv         (abs)        0000
__size_of___flmul         (abs)        0000
__size_of___fltol         (abs)        0000
__size_of___lwdiv         (abs)        0000
__size_of___lwmod         (abs)        0000
__size_of___xxtofl        (abs)        0000
__size_of_itoa            (abs)        0000
__size_of_lcd_cmd         (abs)        0000
__size_of_lcd_dwr         (abs)        0000
__size_of_lcd_init        (abs)        0000
__size_of_lcd_lat         (abs)        0000
__size_of_lcd_msg         (abs)        0000
__size_of_lcd_ready       (abs)        0000
__size_of_main            (abs)        0000
__size_of_strcat          (abs)        0000
__size_of_strcpy          (abs)        0000
__size_of_utoa            (abs)        0000
__size_of_voltaje1        (abs)        0000
__stringbase              strings      0012
__stringtab               strings      0003
_adc                      bssBANK0     006F
_adc2                     bssBANK0     006E
_itoa                     text6        0BD7
_lcd_cmd                  text18       0B73
_lcd_dwr                  text5        0B85
_lcd_init                 text17       0B97
_lcd_lat                  text20       0B64
_lcd_msg                  text4        0BFD
_lcd_ready                text19       0C4A
_main                     maintext     0CE1
_strcat                   text3        0C73
_strcpy                   text2        0BB6
_utoa                     text7        0026
_voltaje                  bssBANK0     005A
_voltaje1                 text1        01CE
_voltaje3                 bssBANK1     00A0
btemp                     (abs)        007E
clear_ram0                clrtext      0B5C
end_of_initialization     cinit        07FC
intlevel0                 functab      0000
intlevel1                 functab      0000
intlevel2                 functab      0000
intlevel3                 functab      0000
intlevel4                 functab      0000
intlevel5                 functab      0000
itoa@base                 cstackBANK0  0026
itoa@buf                  cstackBANK0  0029
itoa@val                  cstackBANK0  0024
lcd_cmd@x                 cstackCOMMON 0072
lcd_dwr@x                 cstackCOMMON 0072
lcd_msg@c                 cstackCOMMON 0073
reset_vec                 reset_vec    0000
start                     init         0000
start_initialization      cinit        07EB
strcat@cp                 cstackCOMMON 0073
strcat@from               cstackCOMMON 0070
strcat@to                 cstackCOMMON 0074
strcpy@cp                 cstackCOMMON 0072
strcpy@from               cstackCOMMON 0070
strcpy@to                 cstackCOMMON 0073
utoa@base                 cstackCOMMON 007A
utoa@buf                  cstackBANK0  0023
utoa@c                    cstackBANK0  0022
utoa@v                    cstackBANK0  0020
utoa@val                  cstackCOMMON 0078
wtemp0                    (abs)        007E


FUNCTION INFORMATION:

 *************** function _main *****************
 Defined at:
		line 47 in file "Lab3.c"
 Parameters:    Size  Location     Type
		None
 Auto vars:     Size  Location     Type
		None
 Return value:  Size  Location     Type
                  1    wreg      void 
 Registers used:
		wreg, fsr0l, fsr0h, status,2, status,0, btemp+1, pclath, cstack
 Tracked objects:
		On entry : 
		On exit  : 
		Unchanged: 
 Data sizes:     COMMON   BANK0   BANK1   BANK3   BANK2
      Params:         0       0       0       0       0
      Locals:         0       0       0       0       0
      Temps:          0       2       0       0       0
      Totals:         0       2       0       0       0
Total ram usage:        2 bytes
 Hardware stack levels required when called:    4
 This function calls:
		_lcd_cmd
		_lcd_init
		_voltaje1
 This function is called by:
		Startup code after reset
 This function uses a non-reentrant model


 *************** function _voltaje1 *****************
 Defined at:
		line 30 in file "ADC.c"
 Parameters:    Size  Location     Type
		None
 Auto vars:     Size  Location     Type
		None
 Return value:  Size  Location     Type
                  1    wreg      void 
 Registers used:
		wreg, fsr0l, fsr0h, status,2, status,0, btemp+1, pclath, cstack
 Tracked objects:
		On entry : 
		On exit  : 
		Unchanged: 
 Data sizes:     COMMON   BANK0   BANK1   BANK3   BANK2
      Params:         0       0       0       0       0
      Locals:         0       0       0       0       0
      Temps:          0       4       0       0       0
      Totals:         0       4       0       0       0
Total ram usage:        4 bytes
 Hardware stack levels used:    1
 Hardware stack levels required when called:    3
 This function calls:
		___awdiv
		___awmod
		___fldiv
		___flmul
		___fltol
		___xxtofl
		_itoa
		_lcd_cmd
		_lcd_msg
		_strcat
		_strcpy
 This function is called by:
		_main
 This function uses a non-reentrant model


 *************** function _strcpy *****************
 Defined at:
		line 8 in file "C:\Program Files (x86)\Microchip\xc8\v2.10\pic\sources\c90\common\strcpy.c"
 Parameters:    Size  Location     Type
  to              1    wreg     PTR unsigned char 
		 -> PUNTO2(5), PUNTO1(5), 
  from            1    0[COMMON] PTR const unsigned char 
		 -> STR_3(2), STR_2(2), 
 Auto vars:     Size  Location     Type
  to              1    3[COMMON] PTR unsigned char 
		 -> PUNTO2(5), PUNTO1(5), 
  cp              1    2[COMMON] PTR unsigned char 
		 -> PUNTO2(5), PUNTO1(5), 
 Return value:  Size  Location     Type
                  1    wreg      PTR unsigned char 
 Registers used:
		wreg, fsr0l, fsr0h, status,2, status,0, pclath
 Tracked objects:
		On entry : 
		On exit  : 
		Unchanged: 
 Data sizes:     COMMON   BANK0   BANK1   BANK3   BANK2
      Params:         1       0       0       0       0
      Locals:         2       0       0       0       0
      Temps:          1       0       0       0       0
      Totals:         4       0       0       0       0
Total ram usage:        4 bytes
 Hardware stack levels used:    2
 This function calls:
		Nothing
 This function is called by:
		_voltaje1
 This function uses a non-reentrant model


 *************** function _strcat *****************
 Defined at:
		line 8 in file "C:\Program Files (x86)\Microchip\xc8\v2.10\pic\sources\c90\common\strcat.c"
 Parameters:    Size  Location     Type
  to              1    wreg     PTR unsigned char 
		 -> PUNTO2(5), POT2SC(5), POT2SB(5), PUNTO1(5), 
		 -> POT1SC(5), POT1SB(5), 
  from            2    0[COMMON] PTR const unsigned char 
		 -> STR_4(2), PUNTO2(5), POT2SC(5), POT2SB(5), 
		 -> POT2SA(5), PUNTO1(5), POT1SB(5), POT1SA(5), 
 Auto vars:     Size  Location     Type
  to              1    4[COMMON] PTR unsigned char 
		 -> PUNTO2(5), POT2SC(5), POT2SB(5), PUNTO1(5), 
		 -> POT1SC(5), POT1SB(5), 
  cp              1    3[COMMON] PTR unsigned char 
		 -> PUNTO2(5), POT2SC(5), POT2SB(5), PUNTO1(5), 
		 -> POT1SC(5), POT1SB(5), 
 Return value:  Size  Location     Type
                  1    wreg      PTR unsigned char 
 Registers used:
		wreg, fsr0l, fsr0h, status,2, status,0, btemp+1, pclath
 Tracked objects:
		On entry : 
		On exit  : 
		Unchanged: 
 Data sizes:     COMMON   BANK0   BANK1   BANK3   BANK2
      Params:         2       0       0       0       0
      Locals:         2       0       0       0       0
      Temps:          1       0       0       0       0
      Totals:         5       0       0       0       0
Total ram usage:        5 bytes
 Hardware stack levels used:    2
 This function calls:
		Nothing
 This function is called by:
		_voltaje1
 This function uses a non-reentrant model


 *************** function _lcd_msg *****************
 Defined at:
		line 43 in file "LCD.c"
 Parameters:    Size  Location     Type
  c               2    3[COMMON] PTR unsigned char 
		 -> POT1SC(5), STR_1(17), 
 Auto vars:     Size  Location     Type
		None
 Return value:  Size  Location     Type
                  1    wreg      void 
 Registers used:
		wreg, fsr0l, fsr0h, status,2, status,0, btemp+1, pclath, cstack
 Tracked objects:
		On entry : 
		On exit  : 
		Unchanged: 
 Data sizes:     COMMON   BANK0   BANK1   BANK3   BANK2
      Params:         2       0       0       0       0
      Locals:         0       0       0       0       0
      Temps:          0       0       0       0       0
      Totals:         2       0       0       0       0
Total ram usage:        2 bytes
 Hardware stack levels used:    1
 Hardware stack levels required when called:    2
 This function calls:
		_lcd_dwr
 This function is called by:
		_voltaje1
 This function uses a non-reentrant model


 *************** function _lcd_dwr *****************
 Defined at:
		line 35 in file "LCD.c"
 Parameters:    Size  Location     Type
  x               1    wreg     unsigned char 
 Auto vars:     Size  Location     Type
  x               1    2[COMMON] unsigned char 
 Return value:  Size  Location     Type
                  1    wreg      void 
 Registers used:
		wreg, status,2, status,0, pclath, cstack
 Tracked objects:
		On entry : 
		On exit  : 
		Unchanged: 
 Data sizes:     COMMON   BANK0   BANK1   BANK3   BANK2
      Params:         0       0       0       0       0
      Locals:         1       0       0       0       0
      Temps:          0       0       0       0       0
      Totals:         1       0       0       0       0
Total ram usage:        1 bytes
 Hardware stack levels used:    1
 Hardware stack levels required when called:    1
 This function calls:
		_lcd_lat
		_lcd_ready
 This function is called by:
		_lcd_msg
 This function uses a non-reentrant model


 *************** function _itoa *****************
 Defined at:
		line 4 in file "C:\Program Files (x86)\Microchip\xc8\v2.10\pic\sources\c90\common\itoa.c"
 Parameters:    Size  Location     Type
  buf             1    wreg     PTR unsigned char 
		 -> POT2SC(5), POT2SB(5), POT2SA(5), POT1SC(5), 
		 -> POT1SB(5), POT1SA(5), 
  val             2    4[BANK0 ] int 
  base            2    6[BANK0 ] int 
 Auto vars:     Size  Location     Type
  buf             1    9[BANK0 ] PTR unsigned char 
		 -> POT2SC(5), POT2SB(5), POT2SA(5), POT1SC(5), 
		 -> POT1SB(5), POT1SA(5), 
  cp              1    0        PTR unsigned char 
		 -> POT2SC(5), POT2SB(5), POT2SA(5), POT1SC(5), 
		 -> POT1SB(5), POT1SA(5), 
 Return value:  Size  Location     Type
                  1    wreg      PTR unsigned char 
 Registers used:
		wreg, fsr0l, fsr0h, status,2, status,0, pclath, cstack
 Tracked objects:
		On entry : 
		On exit  : 
		Unchanged: 
 Data sizes:     COMMON   BANK0   BANK1   BANK3   BANK2
      Params:         0       4       0       0       0
      Locals:         0       2       0       0       0
      Temps:          1       0       0       0       0
      Totals:         1       6       0       0       0
Total ram usage:        7 bytes
 Hardware stack levels used:    1
 Hardware stack levels required when called:    2
 This function calls:
		_utoa
 This function is called by:
		_voltaje1
 This function uses a non-reentrant model


 *************** function _utoa *****************
 Defined at:
		line 17 in file "C:\Program Files (x86)\Microchip\xc8\v2.10\pic\sources\c90\common\itoa.c"
 Parameters:    Size  Location     Type
  buf             1    wreg     PTR unsigned char 
		 -> POT2SC(5), POT2SB(5), POT2SA(5), POT1SC(5), 
		 -> POT1SB(5), POT1SA(5), 
  val             2    8[COMMON] unsigned int 
  base            2   10[COMMON] int 
 Auto vars:     Size  Location     Type
  buf             1    3[BANK0 ] PTR unsigned char 
		 -> POT2SC(5), POT2SB(5), POT2SA(5), POT1SC(5), 
		 -> POT1SB(5), POT1SA(5), 
  v               2    0[BANK0 ] unsigned int 
  c               1    2[BANK0 ] unsigned char 
 Return value:  Size  Location     Type
                  1    wreg      PTR unsigned char 
 Registers used:
		wreg, fsr0l, fsr0h, status,2, status,0, pclath, cstack
 Tracked objects:
		On entry : 
		On exit  : 
		Unchanged: 
 Data sizes:     COMMON   BANK0   BANK1   BANK3   BANK2
      Params:         4       0       0       0       0
      Locals:         0       4       0       0       0
      Temps:          1       0       0       0       0
      Totals:         5       4       0       0       0
Total ram usage:        9 bytes
 Hardware stack levels used:    1
 Hardware stack levels required when called:    1
 This function calls:
		___lwdiv
		___lwmod
 This function is called by:
		_itoa
 This function uses a non-reentrant model


 *************** function ___lwmod *****************
 Defined at:
		line 5 in file "C:\Program Files (x86)\Microchip\xc8\v2.10\pic\sources\c90\common\lwmod.c"
 Parameters:    Size  Location     Type
  divisor         2    0[COMMON] unsigned int 
  dividend        2    2[COMMON] unsigned int 
 Auto vars:     Size  Location     Type
  counter         1    5[COMMON] unsigned char 
 Return value:  Size  Location     Type
                  2    0[COMMON] unsigned int 
 Registers used:
		wreg, status,2, status,0
 Tracked objects:
		On entry : 
		On exit  : 
		Unchanged: 
 Data sizes:     COMMON   BANK0   BANK1   BANK3   BANK2
      Params:         4       0       0       0       0
      Locals:         1       0       0       0       0
      Temps:          1       0       0       0       0
      Totals:         6       0       0       0       0
Total ram usage:        6 bytes
 Hardware stack levels used:    1
 This function calls:
		Nothing
 This function is called by:
		_utoa
 This function uses a non-reentrant model


 *************** function ___lwdiv *****************
 Defined at:
		line 5 in file "C:\Program Files (x86)\Microchip\xc8\v2.10\pic\sources\c90\common\lwdiv.c"
 Parameters:    Size  Location     Type
  divisor         2    0[COMMON] unsigned int 
  dividend        2    2[COMMON] unsigned int 
 Auto vars:     Size  Location     Type
  quotient        2    5[COMMON] unsigned int 
  counter         1    7[COMMON] unsigned char 
 Return value:  Size  Location     Type
                  2    0[COMMON] unsigned int 
 Registers used:
		wreg, status,2, status,0
 Tracked objects:
		On entry : 
		On exit  : 
		Unchanged: 
 Data sizes:     COMMON   BANK0   BANK1   BANK3   BANK2
      Params:         4       0       0       0       0
      Locals:         3       0       0       0       0
      Temps:          1       0       0       0       0
      Totals:         8       0       0       0       0
Total ram usage:        8 bytes
 Hardware stack levels used:    1
 This function calls:
		Nothing
 This function is called by:
		_utoa
 This function uses a non-reentrant model


 *************** function ___xxtofl *****************
 Defined at:
		line 10 in file "C:\Program Files (x86)\Microchip\xc8\v2.10\pic\sources\c90\common\xxtofl.c"
 Parameters:    Size  Location     Type
  sign            1    wreg     unsigned char 
  val             4    0[COMMON] long 
 Auto vars:     Size  Location     Type
  sign            1    8[COMMON] unsigned char 
  arg             4   10[COMMON] unsigned long 
  exp             1    9[COMMON] unsigned char 
 Return value:  Size  Location     Type
                  4    0[COMMON] unsigned char 
 Registers used:
		wreg, status,2, status,0
 Tracked objects:
		On entry : 
		On exit  : 
		Unchanged: 
 Data sizes:     COMMON   BANK0   BANK1   BANK3   BANK2
      Params:         4       0       0       0       0
      Locals:         6       0       0       0       0
      Temps:          4       0       0       0       0
      Totals:        14       0       0       0       0
Total ram usage:       14 bytes
 Hardware stack levels used:    1
 This function calls:
		Nothing
 This function is called by:
		_voltaje1
 This function uses a non-reentrant model


 *************** function ___fltol *****************
 Defined at:
		line 43 in file "C:\Program Files (x86)\Microchip\xc8\v2.10\pic\sources\c90\common\fltol.c"
 Parameters:    Size  Location     Type
  f1              4   26[BANK0 ] unsigned char 
 Auto vars:     Size  Location     Type
  exp1            1   36[BANK0 ] unsigned char 
  sign1           1   35[BANK0 ] unsigned char 
 Return value:  Size  Location     Type
                  4   26[BANK0 ] long 
 Registers used:
		wreg, status,2, status,0
 Tracked objects:
		On entry : 
		On exit  : 
		Unchanged: 
 Data sizes:     COMMON   BANK0   BANK1   BANK3   BANK2
      Params:         0       4       0       0       0
      Locals:         0       2       0       0       0
      Temps:          0       5       0       0       0
      Totals:         0      11       0       0       0
Total ram usage:       11 bytes
 Hardware stack levels used:    1
 This function calls:
		Nothing
 This function is called by:
		_voltaje1
 This function uses a non-reentrant model


 *************** function ___flmul *****************
 Defined at:
		line 8 in file "C:\Program Files (x86)\Microchip\xc8\v2.10\pic\sources\c90\common\sprcmul.c"
 Parameters:    Size  Location     Type
  b               4    0[BANK0 ] long 
  a               4    4[BANK0 ] long 
 Auto vars:     Size  Location     Type
  prod            4   20[BANK0 ] struct .
  grs             4   14[BANK0 ] unsigned long 
  temp            2   24[BANK0 ] struct .
  bexp            1   19[BANK0 ] unsigned char 
  aexp            1   18[BANK0 ] unsigned char 
  sign            1   13[BANK0 ] unsigned char 
 Return value:  Size  Location     Type
                  4    0[BANK0 ] unsigned char 
 Registers used:
		wreg, status,2, status,0, btemp+1, pclath, cstack
 Tracked objects:
		On entry : 
		On exit  : 
		Unchanged: 
 Data sizes:     COMMON   BANK0   BANK1   BANK3   BANK2
      Params:         0       8       0       0       0
      Locals:         0      13       0       0       0
      Temps:          0       5       0       0       0
      Totals:         0      26       0       0       0
Total ram usage:       26 bytes
 Hardware stack levels used:    1
 Hardware stack levels required when called:    1
 This function calls:
		__Umul8_16
 This function is called by:
		_voltaje1
 This function uses a non-reentrant model


 *************** function __Umul8_16 *****************
 Defined at:
		line 4 in file "C:\Program Files (x86)\Microchip\xc8\v2.10\pic\sources\c90\common\Umul8_16.c"
 Parameters:    Size  Location     Type
  multiplier      1    wreg     unsigned char 
  multiplicand    1    0[COMMON] unsigned char 
 Auto vars:     Size  Location     Type
  multiplier      1    8[COMMON] unsigned char 
  word_mpld       2    6[COMMON] unsigned int 
  product         2    4[COMMON] unsigned int 
 Return value:  Size  Location     Type
                  2    0[COMMON] unsigned int 
 Registers used:
		wreg, status,2, status,0
 Tracked objects:
		On entry : 
		On exit  : 
		Unchanged: 
 Data sizes:     COMMON   BANK0   BANK1   BANK3   BANK2
      Params:         2       0       0       0       0
      Locals:         5       0       0       0       0
      Temps:          2       0       0       0       0
      Totals:         9       0       0       0       0
Total ram usage:        9 bytes
 Hardware stack levels used:    1
 This function calls:
		Nothing
 This function is called by:
		___flmul
 This function uses a non-reentrant model


 *************** function ___fldiv *****************
 Defined at:
		line 8 in file "C:\Program Files (x86)\Microchip\xc8\v2.10\pic\sources\c90\common\sprcdiv.c"
 Parameters:    Size  Location     Type
  a               4   26[BANK0 ] unsigned int 
  b               4   30[BANK0 ] unsigned int 
 Auto vars:     Size  Location     Type
  grs             4   46[BANK0 ] unsigned long 
  rem             4   39[BANK0 ] unsigned long 
  new_exp         2   44[BANK0 ] int 
  aexp            1   51[BANK0 ] unsigned char 
  bexp            1   50[BANK0 ] unsigned char 
  sign            1   43[BANK0 ] unsigned char 
 Return value:  Size  Location     Type
                  4   26[BANK0 ] unsigned char 
 Registers used:
		wreg, status,2, status,0, btemp+1
 Tracked objects:
		On entry : 
		On exit  : 
		Unchanged: 
 Data sizes:     COMMON   BANK0   BANK1   BANK3   BANK2
      Params:         0       8       0       0       0
      Locals:         0      13       0       0       0
      Temps:          0       5       0       0       0
      Totals:         0      26       0       0       0
Total ram usage:       26 bytes
 Hardware stack levels used:    1
 This function calls:
		Nothing
 This function is called by:
		_voltaje1
 This function uses a non-reentrant model


 *************** function ___awmod *****************
 Defined at:
		line 5 in file "C:\Program Files (x86)\Microchip\xc8\v2.10\pic\sources\c90\common\awmod.c"
 Parameters:    Size  Location     Type
  divisor         2    9[COMMON] int 
  dividend        2   11[COMMON] int 
 Auto vars:     Size  Location     Type
  sign            1    1[BANK0 ] unsigned char 
  counter         1    0[BANK0 ] unsigned char 
 Return value:  Size  Location     Type
                  2    9[COMMON] int 
 Registers used:
		wreg, status,2, status,0
 Tracked objects:
		On entry : 
		On exit  : 
		Unchanged: 
 Data sizes:     COMMON   BANK0   BANK1   BANK3   BANK2
      Params:         4       0       0       0       0
      Locals:         0       2       0       0       0
      Temps:          1       0       0       0       0
      Totals:         5       2       0       0       0
Total ram usage:        7 bytes
 Hardware stack levels used:    1
 This function calls:
		Nothing
 This function is called by:
		_voltaje1
 This function uses a non-reentrant model


 *************** function ___awdiv *****************
 Defined at:
		line 5 in file "C:\Program Files (x86)\Microchip\xc8\v2.10\pic\sources\c90\common\awdiv.c"
 Parameters:    Size  Location     Type
  divisor         2    0[COMMON] int 
  dividend        2    2[COMMON] int 
 Auto vars:     Size  Location     Type
  quotient        2    7[COMMON] int 
  sign            1    6[COMMON] unsigned char 
  counter         1    5[COMMON] unsigned char 
 Return value:  Size  Location     Type
                  2    0[COMMON] int 
 Registers used:
		wreg, status,2, status,0
 Tracked objects:
		On entry : 
		On exit  : 
		Unchanged: 
 Data sizes:     COMMON   BANK0   BANK1   BANK3   BANK2
      Params:         4       0       0       0       0
      Locals:         4       0       0       0       0
      Temps:          1       0       0       0       0
      Totals:         9       0       0       0       0
Total ram usage:        9 bytes
 Hardware stack levels used:    1
 This function calls:
		Nothing
 This function is called by:
		_voltaje1
 This function uses a non-reentrant model


 *************** function _lcd_init *****************
 Defined at:
		line 48 in file "LCD.c"
 Parameters:    Size  Location     Type
		None
 Auto vars:     Size  Location     Type
		None
 Return value:  Size  Location     Type
                  1    wreg      void 
 Registers used:
		wreg, status,2, status,0, pclath, cstack
 Tracked objects:
		On entry : 
		On exit  : 
		Unchanged: 
 Data sizes:     COMMON   BANK0   BANK1   BANK3   BANK2
      Params:         0       0       0       0       0
      Locals:         0       0       0       0       0
      Temps:          0       0       0       0       0
      Totals:         0       0       0       0       0
Total ram usage:        0 bytes
 Hardware stack levels used:    1
 Hardware stack levels required when called:    2
 This function calls:
		_lcd_cmd
 This function is called by:
		_main
 This function uses a non-reentrant model


 *************** function _lcd_cmd *****************
 Defined at:
		line 5 in file "LCD.c"
 Parameters:    Size  Location     Type
  x               1    wreg     unsigned char 
 Auto vars:     Size  Location     Type
  x               1    2[COMMON] unsigned char 
 Return value:  Size  Location     Type
                  1    wreg      void 
 Registers used:
		wreg, status,2, status,0, pclath, cstack
 Tracked objects:
		On entry : 
		On exit  : 
		Unchanged: 
 Data sizes:     COMMON   BANK0   BANK1   BANK3   BANK2
      Params:         0       0       0       0       0
      Locals:         1       0       0       0       0
      Temps:          0       0       0       0       0
      Totals:         1       0       0       0       0
Total ram usage:        1 bytes
 Hardware stack levels used:    1
 Hardware stack levels required when called:    1
 This function calls:
		_lcd_lat
		_lcd_ready
 This function is called by:
		_main
		_lcd_init
		_voltaje1
 This function uses a non-reentrant model


 *************** function _lcd_ready *****************
 Defined at:
		line 18 in file "LCD.c"
 Parameters:    Size  Location     Type
		None
 Auto vars:     Size  Location     Type
		None
 Return value:  Size  Location     Type
                  1    wreg      void 
 Registers used:
		wreg, status,2, status,0
 Tracked objects:
		On entry : 
		On exit  : 
		Unchanged: 
 Data sizes:     COMMON   BANK0   BANK1   BANK3   BANK2
      Params:         0       0       0       0       0
      Locals:         0       0       0       0       0
      Temps:          2       0       0       0       0
      Totals:         2       0       0       0       0
Total ram usage:        2 bytes
 Hardware stack levels used:    1
 This function calls:
		Nothing
 This function is called by:
		_lcd_cmd
		_lcd_dwr
 This function uses a non-reentrant model


 *************** function _lcd_lat *****************
 Defined at:
		line 13 in file "LCD.c"
 Parameters:    Size  Location     Type
		None
 Auto vars:     Size  Location     Type
		None
 Return value:  Size  Location     Type
                  1    wreg      void 
 Registers used:
		wreg
 Tracked objects:
		On entry : 
		On exit  : 
		Unchanged: 
 Data sizes:     COMMON   BANK0   BANK1   BANK3   BANK2
      Params:         0       0       0       0       0
      Locals:         0       0       0       0       0
      Temps:          2       0       0       0       0
      Totals:         2       0       0       0       0
Total ram usage:        2 bytes
 Hardware stack levels used:    1
 This function calls:
		Nothing
 This function is called by:
		_lcd_cmd
		_lcd_dwr
 This function uses a non-reentrant model



MODULE INFORMATION

Module		Function		Class		Link	Load	Size
C:\Program Files (x86)\Microchip\xc8\v2.10\pic\sources\c90\common\lwdiv.c
		___lwdiv       		CODE           	0D1D	0000	69

C:\Program Files (x86)\Microchip\xc8\v2.10\pic\sources\c90\common\lwdiv.c estimated size: 69

C:\Program Files (x86)\Microchip\xc8\v2.10\pic\sources\c90\common\awdiv.c
		___awdiv       		CODE           	0DBC	0000	104

C:\Program Files (x86)\Microchip\xc8\v2.10\pic\sources\c90\common\awdiv.c estimated size: 104

C:\Program Files (x86)\Microchip\xc8\v2.10\pic\sources\c90\common\fltol.c
		___fltol       		CODE           	0098	0000	125

C:\Program Files (x86)\Microchip\xc8\v2.10\pic\sources\c90\common\fltol.c estimated size: 125

Lab3.c
		_main          		CODE           	0CE1	0000	61

Lab3.c estimated size: 61

C:\Program Files (x86)\Microchip\xc8\v2.10\pic\sources\c90\common\itoa.c
		_itoa          		CODE           	0BD7	0000	39
		_utoa          		CODE           	0026	0000	115

C:\Program Files (x86)\Microchip\xc8\v2.10\pic\sources\c90\common\itoa.c estimated size: 154

C:\Program Files (x86)\Microchip\xc8\v2.10\pic\sources\c90\common\sprcmul.c
		___flmul       		CODE           	048A	0000	866

C:\Program Files (x86)\Microchip\xc8\v2.10\pic\sources\c90\common\sprcmul.c estimated size: 866

C:\Program Files (x86)\Microchip\xc8\v2.10\pic\sources\c90\common\Umul8_16.c
		__Umul8_16     		CODE           	0C23	0000	40

C:\Program Files (x86)\Microchip\xc8\v2.10\pic\sources\c90\common\Umul8_16.c estimated size: 40

C:\Program Files (x86)\Microchip\xc8\v2.10\pic\sources\c90\common\sprcdiv.c
		___fldiv       		CODE           	0E23	0000	478

C:\Program Files (x86)\Microchip\xc8\v2.10\pic\sources\c90\common\sprcdiv.c estimated size: 478

C:\Program Files (x86)\Microchip\xc8\v2.10\pic\sources\c90\common\strcat.c
		_strcat        		CODE           	0C73	0000	53

C:\Program Files (x86)\Microchip\xc8\v2.10\pic\sources\c90\common\strcat.c estimated size: 53

C:\Program Files (x86)\Microchip\xc8\v2.10\pic\sources\c90\common\xxtofl.c
		___xxtofl      		CODE           	0114	0000	187

C:\Program Files (x86)\Microchip\xc8\v2.10\pic\sources\c90\common\xxtofl.c estimated size: 187

shared
		__stringtab    		STRING         	0003	0000	17
		__initialization		CODE           	07EB	0000	18

shared estimated size: 35

ADC.c
		_voltaje1      		CODE           	01CE	0000	701

ADC.c estimated size: 701

C:\Program Files (x86)\Microchip\xc8\v2.10\pic\sources\c90\common\strcpy.c
		_strcpy        		CODE           	0BB6	0000	34

C:\Program Files (x86)\Microchip\xc8\v2.10\pic\sources\c90\common\strcpy.c estimated size: 34

C:\Program Files (x86)\Microchip\xc8\v2.10\pic\sources\c90\common\lwmod.c
		___lwmod       		CODE           	0CA7	0000	59

C:\Program Files (x86)\Microchip\xc8\v2.10\pic\sources\c90\common\lwmod.c estimated size: 59

C:\Program Files (x86)\Microchip\xc8\v2.10\pic\sources\c90\common\awmod.c
		___awmod       		CODE           	0D61	0000	92

C:\Program Files (x86)\Microchip\xc8\v2.10\pic\sources\c90\common\awmod.c estimated size: 92

LCD.c
		_lcd_cmd       		CODE           	0B73	0000	19
		_lcd_dwr       		CODE           	0B85	0000	19
		_lcd_lat       		CODE           	0B64	0000	16
		_lcd_ready     		CODE           	0C4A	0000	42
		_lcd_init      		CODE           	0B97	0000	32
		_lcd_msg       		CODE           	0BFD	0000	39

LCD.c estimated size: 167

